[33mΓ¥»[39m Building...
[32mΓ£ö[39m Building...
Application bundle generation failed. [2.172 seconds]

node.exe : [1m[33m[33mΓû▓ [
43;33m[[43;30mWARNING[43;33m]
[0m [1mTS-998113: 
PlotCellComponent is not used 
within the template of 
AppComponent[0m 
[1m[35m[plugin 
angular-compiler][0m
At line:1 char:1
+ & "C:\Program 
Files\nodejs/node.exe" 
"C:\Program 
Files\nodejs/node_mo ...
+ ~~~~~~~~~~~~~~~~~~~~~~~~~~~~~
~~~~~~~~~~~~~~~~~~~~~~~~~~~~~~~
~~~~~~~~~
    + CategoryInfo          :  
   NotSpecified: ([1m[33m[  
  33mΓ...r-compiler][0m:Str   
 ing) [], RemoteException
    + FullyQualifiedErrorId :  
   NativeCommandError
 

    
src/app/app.component.ts:15:39:
[37m      15 Γöé ...onModule, 
FormsModule, 
[32mPlotCellComponent[37m, 
AptModalComponent, Re...
         Γò╡                   
        
[32m~~~~~~~~~~~~~~~~~[0m


[33mΓû▓ [43;33m[[43;30mWARNI
NG[43;33m][0m [1mTS-998113: 
AptModalComponent is not used 
within the template of 
AppComponent[0m 
[1m[35m[plugin 
angular-compiler][0m

    
src/app/app.component.ts:15:58:
[37m      15 Γöé ...le, 
PlotCellComponent, 
[32mAptModalComponent[37m, 
ResModalComponent, Ap...
         Γò╡                   
        
[32m~~~~~~~~~~~~~~~~~[0m


[33mΓû▓ [43;33m[[43;30mWARNI
NG[43;33m][0m [1mTS-998113: 
ResModalComponent is not used 
within the template of 
AppComponent[0m 
[1m[35m[plugin 
angular-compiler][0m

    
src/app/app.component.ts:15:77:
[37m      15 Γöé ...nt, 
AptModalComponent, 
[32mResModalComponent[37m, 
AptDetailModalCompone...
         Γò╡                   
        
[32m~~~~~~~~~~~~~~~~~[0m


[33mΓû▓ [43;33m[[43;30mWARNI
NG[43;33m][0m [1mTS-998113: 
AptDetailModalComponent is not 
used within the template of 
AppComponent[0m 
[1m[35m[plugin 
angular-compiler][0m

    
src/app/app.component.ts:15:96:
[37m      15 Γöé ...t, 
AptModalComponent, 
ResModalComponent, [32mAptDeta
ilModalComponent[37m],
         Γò╡                   
                          [32m
~~~~~~~~~~~~~~~~~~~~~~~[0m

[39m[22m
[1m[31m[31mX [41;31m[[41;9
7mERROR[41;31m][0m 
[1mNG5002: Unexpected closing 
tag "div". It may happen when 
the tag has already been 
closed by another tag. For 
more info see https://www.w3.or
g/TR/html5/syntax.html#closing-
elements-that-have-implied-end-
tags[0m [1m[35m[plugin 
angular-compiler][0m

    src/app/app.component.html:
590:8:
[37m      590 Γöé         
[32m</div>[37m
          Γò╡         
[32m~~~~~~[0m

  Error occurs in the template 
of component AppComponent.

    
src/app/app.component.ts:16:15:
[37m      16 Γöé   
templateUrl: [32m'./app.compon
ent.html'[37m,
         Γò╡                
[32m~~~~~~~~~~~~~~~~~~~~~~[0m


[31mX [41;31m[[41;97mERROR[
41;31m][0m [1mNG5002: 
Unexpected closing tag 
"aside". It may happen when 
the tag has already been 
closed by another tag. For 
more info see https://www.w3.or
g/TR/html5/syntax.html#closing-
elements-that-have-implied-end-
tags[0m [1m[35m[plugin 
angular-compiler][0m

    src/app/app.component.html:
599:4:
[37m      599 Γöé     
[32m</aside>[37m
          Γò╡     
[32m~~~~~~~~[0m

  Error occurs in the template 
of component AppComponent.

    
src/app/app.component.ts:16:15:
[37m      16 Γöé   
templateUrl: [32m'./app.compon
ent.html'[37m,
         Γò╡                
[32m~~~~~~~~~~~~~~~~~~~~~~[0m

[39m[22m
